app\sportmates_backend\service\EventSportCategoryService.class
app\sportmates_backend\controller\CommentController.class
app\sportmates_backend\model\SportCategory.class
app\sportmates_backend\controller\UserController.class
app\sportmates_backend\class_interface\UserInfo.class
app\sportmates_backend\class_interface\AuthUser.class
app\sportmates_backend\service\UserService.class
app\sportmates_backend\cors_config\WebConfig.class
app\sportmates_backend\repository\SportCategoryRepository.class
app\sportmates_backend\controller\SportCategoryController.class
app\sportmates_backend\class_interface\NewSportCategory.class
app\sportmates_backend\service\EventService.class
app\sportmates_backend\repository\EventSportCategoryRepository.class
app\sportmates_backend\SportMatesApplication.class
app\sportmates_backend\class_interface\NewEvent.class
app\sportmates_backend\repository\UserRepository.class
app\sportmates_backend\repository\EventRepository.class
app\sportmates_backend\service\SportCategoryService.class
app\sportmates_backend\class_interface\NewUser.class
app\sportmates_backend\controller\EventSportCategoryController.class
app\sportmates_backend\class_interface\NewEventSportCategory.class
app\sportmates_backend\util\Response.class
app\sportmates_backend\service\CommentService.class
app\sportmates_backend\model\EventSportCategory.class
app\sportmates_backend\model\Event.class
app\sportmates_backend\model\User.class
app\sportmates_backend\controller\EventController.class
app\sportmates_backend\model\Comment.class
app\sportmates_backend\class_interface\NewComment.class
app\sportmates_backend\repository\CommentRepository.class
