E:\Projects\Project_tools\Project-Tools-App\sportmates_backend\src\main\java\app\sport_mates\SportMatesApplication.java
E:\Projects\Project_tools\Project-Tools-App\sportmates_backend\src\main\java\app\sport_mates\service\UserService.java
E:\Projects\Project_tools\Project-Tools-App\sportmates_backend\src\main\java\app\sport_mates\service\EventService.java
E:\Projects\Project_tools\Project-Tools-App\sportmates_backend\src\main\java\app\sport_mates\cors_config\WebConfig.java
E:\Projects\Project_tools\Project-Tools-App\sportmates_backend\src\main\java\app\sport_mates\model\EventSportCategory.java
E:\Projects\Project_tools\Project-Tools-App\sportmates_backend\src\main\java\app\sport_mates\repository\CommentRepository.java
E:\Projects\Project_tools\Project-Tools-App\sportmates_backend\src\main\java\app\sport_mates\class_interface\NewEventSportCategory.java
E:\Projects\Project_tools\Project-Tools-App\sportmates_backend\src\main\java\app\sport_mates\class_interface\NewComment.java
E:\Projects\Project_tools\Project-Tools-App\sportmates_backend\src\main\java\app\sport_mates\controller\EventSportCategoryController.java
E:\Projects\Project_tools\Project-Tools-App\sportmates_backend\src\main\java\app\sport_mates\util\Response.java
E:\Projects\Project_tools\Project-Tools-App\sportmates_backend\src\main\java\app\sport_mates\repository\EventSportCategoryRepository.java
E:\Projects\Project_tools\Project-Tools-App\sportmates_backend\src\main\java\app\sport_mates\controller\EventController.java
E:\Projects\Project_tools\Project-Tools-App\sportmates_backend\src\main\java\app\sport_mates\model\Comment.java
E:\Projects\Project_tools\Project-Tools-App\sportmates_backend\src\main\java\app\sport_mates\class_interface\NewUser.java
E:\Projects\Project_tools\Project-Tools-App\sportmates_backend\src\main\java\app\sport_mates\model\SportCategory.java
E:\Projects\Project_tools\Project-Tools-App\sportmates_backend\src\main\java\app\sport_mates\class_interface\UserInfo.java
E:\Projects\Project_tools\Project-Tools-App\sportmates_backend\src\main\java\app\sport_mates\class_interface\NewEvent.java
E:\Projects\Project_tools\Project-Tools-App\sportmates_backend\src\main\java\app\sport_mates\model\User.java
E:\Projects\Project_tools\Project-Tools-App\sportmates_backend\src\main\java\app\sport_mates\service\EventSportCategoryService.java
E:\Projects\Project_tools\Project-Tools-App\sportmates_backend\src\main\java\app\sport_mates\class_interface\AuthUser.java
E:\Projects\Project_tools\Project-Tools-App\sportmates_backend\src\main\java\app\sport_mates\repository\UserRepository.java
E:\Projects\Project_tools\Project-Tools-App\sportmates_backend\src\main\java\app\sport_mates\model\Event.java
E:\Projects\Project_tools\Project-Tools-App\sportmates_backend\src\main\java\app\sport_mates\controller\UserController.java
E:\Projects\Project_tools\Project-Tools-App\sportmates_backend\src\main\java\app\sport_mates\controller\CommentController.java
E:\Projects\Project_tools\Project-Tools-App\sportmates_backend\src\main\java\app\sport_mates\repository\SportCategoryRepository.java
E:\Projects\Project_tools\Project-Tools-App\sportmates_backend\src\main\java\app\sport_mates\service\SportCategoryService.java
E:\Projects\Project_tools\Project-Tools-App\sportmates_backend\src\main\java\app\sport_mates\service\CommentService.java
E:\Projects\Project_tools\Project-Tools-App\sportmates_backend\src\main\java\app\sport_mates\controller\SportCategoryController.java
E:\Projects\Project_tools\Project-Tools-App\sportmates_backend\src\main\java\app\sport_mates\class_interface\NewSportCategory.java
E:\Projects\Project_tools\Project-Tools-App\sportmates_backend\src\main\java\app\sport_mates\repository\EventRepository.java
